------------------------------------------------------------
Timing Analyzer Summary
------------------------------------------------------------

Type  : Slow 1100mV 85C Model Setup 'kbclock'
Slack : -0.815
TNS   : -21.966

Type  : Slow 1100mV 85C Model Hold 'kbclock'
Slack : 0.238
TNS   : 0.000

Type  : Slow 1100mV 85C Model Minimum Pulse Width 'kbclock'
Slack : -0.394
TNS   : -19.634

Type  : Slow 1100mV 0C Model Setup 'kbclock'
Slack : -0.713
TNS   : -19.538

Type  : Slow 1100mV 0C Model Hold 'kbclock'
Slack : 0.280
TNS   : 0.000

Type  : Slow 1100mV 0C Model Minimum Pulse Width 'kbclock'
Slack : -0.394
TNS   : -18.611

Type  : Fast 1100mV 85C Model Setup 'kbclock'
Slack : 0.048
TNS   : 0.000

Type  : Fast 1100mV 85C Model Hold 'kbclock'
Slack : 0.146
TNS   : 0.000

Type  : Fast 1100mV 85C Model Minimum Pulse Width 'kbclock'
Slack : -0.330
TNS   : -11.223

Type  : Fast 1100mV 0C Model Setup 'kbclock'
Slack : 0.132
TNS   : 0.000

Type  : Fast 1100mV 0C Model Hold 'kbclock'
Slack : 0.153
TNS   : 0.000

Type  : Fast 1100mV 0C Model Minimum Pulse Width 'kbclock'
Slack : -0.348
TNS   : -11.959

------------------------------------------------------------
