------------------------------------------------------------
Timing Analyzer Summary
------------------------------------------------------------

Type  : Slow 1100mV 85C Model Setup 'clk'
Slack : -7.213
TNS   : -84.431

Type  : Slow 1100mV 85C Model Setup 'kbclock'
Slack : -0.938
TNS   : -19.386

Type  : Slow 1100mV 85C Model Hold 'kbclock'
Slack : 0.219
TNS   : 0.000

Type  : Slow 1100mV 85C Model Hold 'clk'
Slack : 0.343
TNS   : 0.000

Type  : Slow 1100mV 85C Model Minimum Pulse Width 'kbclock'
Slack : -0.394
TNS   : -14.040

Type  : Slow 1100mV 85C Model Minimum Pulse Width 'clk'
Slack : -0.394
TNS   : -11.070

Type  : Slow 1100mV 0C Model Setup 'clk'
Slack : -6.956
TNS   : -81.438

Type  : Slow 1100mV 0C Model Setup 'kbclock'
Slack : -0.819
TNS   : -17.531

Type  : Slow 1100mV 0C Model Hold 'kbclock'
Slack : 0.283
TNS   : 0.000

Type  : Slow 1100mV 0C Model Hold 'clk'
Slack : 0.327
TNS   : 0.000

Type  : Slow 1100mV 0C Model Minimum Pulse Width 'kbclock'
Slack : -0.394
TNS   : -13.850

Type  : Slow 1100mV 0C Model Minimum Pulse Width 'clk'
Slack : -0.394
TNS   : -11.926

Type  : Fast 1100mV 85C Model Setup 'clk'
Slack : -4.226
TNS   : -49.030

Type  : Fast 1100mV 85C Model Setup 'kbclock'
Slack : -0.048
TNS   : -0.306

Type  : Fast 1100mV 85C Model Hold 'kbclock'
Slack : 0.140
TNS   : 0.000

Type  : Fast 1100mV 85C Model Hold 'clk'
Slack : 0.182
TNS   : 0.000

Type  : Fast 1100mV 85C Model Minimum Pulse Width 'kbclock'
Slack : -0.313
TNS   : -8.512

Type  : Fast 1100mV 85C Model Minimum Pulse Width 'clk'
Slack : -0.084
TNS   : -1.726

Type  : Fast 1100mV 0C Model Setup 'clk'
Slack : -3.994
TNS   : -46.425

Type  : Fast 1100mV 0C Model Setup 'kbclock'
Slack : 0.027
TNS   : 0.000

Type  : Fast 1100mV 0C Model Hold 'kbclock'
Slack : 0.147
TNS   : 0.000

Type  : Fast 1100mV 0C Model Hold 'clk'
Slack : 0.171
TNS   : 0.000

Type  : Fast 1100mV 0C Model Minimum Pulse Width 'kbclock'
Slack : -0.316
TNS   : -8.694

Type  : Fast 1100mV 0C Model Minimum Pulse Width 'clk'
Slack : -0.084
TNS   : -1.731

------------------------------------------------------------
