------------------------------------------------------------
Timing Analyzer Summary
------------------------------------------------------------

Type  : Slow 1100mV 85C Model Setup 'clk'
Slack : 16.522
TNS   : 0.000

Type  : Slow 1100mV 85C Model Setup 'kbclock'
Slack : 49997.481
TNS   : 0.000

Type  : Slow 1100mV 85C Model Hold 'kbclock'
Slack : 0.218
TNS   : 0.000

Type  : Slow 1100mV 85C Model Hold 'clk'
Slack : 0.430
TNS   : 0.000

Type  : Slow 1100mV 85C Model Minimum Pulse Width 'clk'
Slack : 9.404
TNS   : 0.000

Type  : Slow 1100mV 85C Model Minimum Pulse Width 'kbclock'
Slack : 24999.167
TNS   : 0.000

Type  : Slow 1100mV 0C Model Setup 'clk'
Slack : 16.607
TNS   : 0.000

Type  : Slow 1100mV 0C Model Setup 'kbclock'
Slack : 49997.567
TNS   : 0.000

Type  : Slow 1100mV 0C Model Hold 'kbclock'
Slack : 0.277
TNS   : 0.000

Type  : Slow 1100mV 0C Model Hold 'clk'
Slack : 0.423
TNS   : 0.000

Type  : Slow 1100mV 0C Model Minimum Pulse Width 'clk'
Slack : 9.321
TNS   : 0.000

Type  : Slow 1100mV 0C Model Minimum Pulse Width 'kbclock'
Slack : 24999.281
TNS   : 0.000

Type  : Fast 1100mV 85C Model Setup 'clk'
Slack : 17.979
TNS   : 0.000

Type  : Fast 1100mV 85C Model Setup 'kbclock'
Slack : 49998.547
TNS   : 0.000

Type  : Fast 1100mV 85C Model Hold 'kbclock'
Slack : 0.138
TNS   : 0.000

Type  : Fast 1100mV 85C Model Hold 'clk'
Slack : 0.225
TNS   : 0.000

Type  : Fast 1100mV 85C Model Minimum Pulse Width 'clk'
Slack : 9.407
TNS   : 0.000

Type  : Fast 1100mV 85C Model Minimum Pulse Width 'kbclock'
Slack : 24999.129
TNS   : 0.000

Type  : Fast 1100mV 0C Model Setup 'clk'
Slack : 18.157
TNS   : 0.000

Type  : Fast 1100mV 0C Model Setup 'kbclock'
Slack : 49998.665
TNS   : 0.000

Type  : Fast 1100mV 0C Model Hold 'kbclock'
Slack : 0.147
TNS   : 0.000

Type  : Fast 1100mV 0C Model Hold 'clk'
Slack : 0.213
TNS   : 0.000

Type  : Fast 1100mV 0C Model Minimum Pulse Width 'clk'
Slack : 9.410
TNS   : 0.000

Type  : Fast 1100mV 0C Model Minimum Pulse Width 'kbclock'
Slack : 24999.126
TNS   : 0.000

------------------------------------------------------------
